src/pages/admin/BadBuyers.tsx(36,17): error TS2345: Argument of type '(prev: UserResponse[]) => (UserResponse | { status: "DEACTIVATED"; id: number; email: string; fullName: string; phoneNumber: string; address?: string; role: { id: number; name: string; description?: string; }; ... 8 more ...; roleName?: string; })[]' is not assignable to parameter of type 'SetStateAction<UserResponse[]>'.
  Type '(prev: UserResponse[]) => (UserResponse | { status: "DEACTIVATED"; id: number; email: string; fullName: string; phoneNumber: string; address?: string; role: { id: number; name: string; description?: string; }; ... 8 more ...; roleName?: string; })[]' is not assignable to type '(prevState: UserResponse[]) => UserResponse[]'.
    Type '(UserResponse | { status: "DEACTIVATED"; id: number; email: string; fullName: string; phoneNumber: string; address?: string; role: { id: number; name: string; description?: string; }; ... 8 more ...; roleName?: string; })[]' is not assignable to type 'UserResponse[]'.
      Type 'UserResponse | { status: "DEACTIVATED"; id: number; email: string; fullName: string; phoneNumber: string; address?: string; role: { id: number; name: string; description?: string; }; ... 8 more ...; roleName?: string; }' is not assignable to type 'UserResponse'.
        Type '{ status: "DEACTIVATED"; id: number; email: string; fullName: string; phoneNumber: string; address?: string; role: { id: number; name: string; description?: string; }; ... 8 more ...; roleName?: string; }' is not assignable to type 'UserResponse'.
          Types of property 'status' are incompatible.
            Type '"DEACTIVATED"' is not assignable to type '"ACTIVE" | "INACTIVE" | "BANNED"'.
src/pages/admin/BadBuyers.tsx(56,44): error TS2367: This comparison appears to be unintentional because the types '"ACTIVE" | "INACTIVE" | "BANNED"' and '"DEACTIVATED"' have no overlap.
src/pages/admin/BadBuyers.tsx(121,35): error TS2367: This comparison appears to be unintentional because the types '"ACTIVE" | "INACTIVE" | "BANNED"' and '"DEACTIVATED"' have no overlap.
src/pages/admin/BadBuyers.tsx(130,134): error TS2339: Property 'username' does not exist on type 'UserResponse'.
src/pages/admin/Dashboard.tsx(52,40): error TS2367: This comparison appears to be unintentional because the types '"ACTIVE" | "INACTIVE" | "BANNED"' and '"PENDING"' have no overlap.
src/pages/admin/Dashboard.tsx(52,68): error TS2551: Property 'kycStatus' does not exist on type 'UserResponse'. Did you mean 'status'?
src/pages/admin/Dashboard.tsx(142,40): error TS2339: Property 'profileImageUrl' does not exist on type 'UserResponse'.
src/pages/admin/Dashboard.tsx(143,98): error TS2339: Property 'username' does not exist on type 'UserResponse'.
src/pages/admin/Dashboard.tsx(176,99): error TS2339: Property 'totalPrice' does not exist on type 'OrderResponse'.
src/pages/admin/Dashboard.tsx(202,66): error TS2367: This comparison appears to be unintentional because the types '"ACTIVE" | "BANNED"' and '"DEACTIVATED"' have no overlap.
src/pages/admin/Dashboard.tsx(204,69): error TS2367: This comparison appears to be unintentional because the types '"ACTIVE" | "BANNED"' and '"DEACTIVATED"' have no overlap.
src/pages/admin/ShopMonitoring.tsx(35,19): error TS2345: Argument of type '(prev: UserResponse[]) => (UserResponse | { status: "DEACTIVATED"; id: number; email: string; fullName: string; phoneNumber: string; address?: string; role: { id: number; name: string; description?: string; }; ... 8 more ...; roleName?: string; })[]' is not assignable to parameter of type 'SetStateAction<UserResponse[]>'.
  Type '(prev: UserResponse[]) => (UserResponse | { status: "DEACTIVATED"; id: number; email: string; fullName: string; phoneNumber: string; address?: string; role: { id: number; name: string; description?: string; }; ... 8 more ...; roleName?: string; })[]' is not assignable to type '(prevState: UserResponse[]) => UserResponse[]'.
    Type '(UserResponse | { status: "DEACTIVATED"; id: number; email: string; fullName: string; phoneNumber: string; address?: string; role: { id: number; name: string; description?: string; }; ... 8 more ...; roleName?: string; })[]' is not assignable to type 'UserResponse[]'.
      Type 'UserResponse | { status: "DEACTIVATED"; id: number; email: string; fullName: string; phoneNumber: string; address?: string; role: { id: number; name: string; description?: string; }; ... 8 more ...; roleName?: string; }' is not assignable to type 'UserResponse'.
        Type '{ status: "DEACTIVATED"; id: number; email: string; fullName: string; phoneNumber: string; address?: string; role: { id: number; name: string; description?: string; }; ... 8 more ...; roleName?: string; }' is not assignable to type 'UserResponse'.
          Types of property 'status' are incompatible.
            Type '"DEACTIVATED"' is not assignable to type '"ACTIVE" | "INACTIVE" | "BANNED"'.
src/pages/admin/ShopMonitoring.tsx(58,44): error TS2367: This comparison appears to be unintentional because the types '"ACTIVE" | "INACTIVE" | "BANNED"' and '"DEACTIVATED"' have no overlap.
src/pages/admin/ShopMonitoring.tsx(153,49): error TS2339: Property 'profileImageUrl' does not exist on type 'UserResponse'.
src/pages/admin/ShopMonitoring.tsx(160,37): error TS2367: This comparison appears to be unintentional because the types '"INACTIVE" | "BANNED"' and '"DEACTIVATED"' have no overlap.
src/pages/farmer/Dashboard.tsx(41,33): error TS2339: Property 'balance' does not exist on type 'WalletResponse'.
src/pages/farmer/Dashboard.tsx(147,79): error TS2339: Property 'name' does not exist on type 'ProductResponse'.
src/pages/farmer/Dashboard.tsx(148,85): error TS2339: Property 'category' does not exist on type 'ProductResponse'.
src/pages/farmer/Dashboard.tsx(152,97): error TS2339: Property 'price' does not exist on type 'ProductResponse'.
src/pages/farmer/Dashboard.tsx(154,118): error TS2339: Property 'category' does not exist on type 'ProductResponse'.
src/pages/farmer/Dashboard.tsx(231,83): error TS2339: Property 'name' does not exist on type 'ProductResponse'.
src/pages/farmer/OrderPreparation.tsx(139,28): error TS2339: Property 'orderItems' does not exist on type 'OrderResponse'.
src/pages/farmer/OrderPreparation.tsx(140,28): error TS2339: Property 'totalPrice' does not exist on type 'OrderResponse'.
src/pages/farmer/OrderPreparation.tsx(198,73): error TS2339: Property 'buyerName' does not exist on type 'OrderResponse'.
src/pages/farmer/OrderPreparation.tsx(198,92): error TS2339: Property 'customerName' does not exist on type 'OrderResponse'.
src/pages/farmer/OrderPreparation.tsx(202,86): error TS2339: Property 'address' does not exist on type 'OrderResponse'.
src/pages/farmer/OrderPreparation.tsx(206,73): error TS2339: Property 'phoneNumber' does not exist on type 'OrderResponse'.
src/pages/farmer/OrderPreparation.tsx(206,94): error TS2339: Property 'buyerPhone' does not exist on type 'OrderResponse'.
src/pages/FarmerDashboard.tsx(4,29): error TS2307: Cannot find module '../constants.tsx' or its corresponding type declarations.
